3
-1
6
5
4.0
1.5
6.0
5.0
7.5
4.5
6.0
5.0
