'a'
'b'
'c'
'\n'
'\t'
'\r'
'\''
'\\'
'ðŸ¦€'
'ä¸–'
'ç•Œ'
'A'
'z'
'ðŸ˜€'
'ðŸ’©'
