4
9
27
"is even"
"is not even"
"is not even"
"is even"
