Error: CompilerError(ImportCycleError("import-cycle-1"))
