42
13
38
7
80
30
20
4
42.4
2.7
2.2
0.55
3/4
1/1
3/8
3/2
1
0
0.0
0.6
0/1
1/4
