<hashmap> : H{ }
>hashmap : #t
H{ : #t
== : #f
>string : "H{ { \"given-name\" \"Trillian\" } { \"surname\" \"McMillan\" } }"
length : 0
1
4
>vector : { { 1 2 } { 2 3 } { 3 4 } { 4 5 } }
keys : { 1 2 3 4 }
values : { 2 3 4 5 }
in? : #t
#f
get : #t
3
#f
#f
add! : { { 'a' 1 } { 'b' 2 } { 'c' 3 } { 'd' 4 } { 'e' 5 } }
set! : { { 'a' 1 } { 'b' 2 } { 'c' 3 } { 'd' 9 } { 'e' 5 } }
each :
  values: { 2 3 4 5 }
  keys  : { 1 2 3 4 }
